<p>Foo <a href="/url/" title="Title">bar</a>.</p>

<p>Foo <a href="/url/" title="Title">bar</a>.</p>

<p>Foo <a href="/url/" title="Title">bar</a>.</p>

<pre><code>TODO With [embedded [brackets]] [b].
</code></pre>

<p>Indented <a href="/url">once</a>.</p>

<p>Indented <a href="/url">twice</a>.</p>

<p>Indented <a href="/url">thrice</a>.</p>

<p>Indented [four][] times.</p>

<pre><code>[four]: /url
</code></pre>

<hr />

<p><a href="foo">this</a> should work</p>

<p>So should <a href="foo">this</a>.</p>

<p>And <a href="foo">this</a>.</p>

<p>And <a href="foo">this</a>.</p>

<p>And <a href="foo">this</a>.</p>

<p>But not [that] [].</p>

<p>Nor [that][].</p>

<p>Nor [that].</p>

<p>[Something in brackets like <a href="foo">this</a> should work]</p>

<p>[Same with <a href="foo">this</a>.]</p>

<p>In this case, <a href="/somethingelse/">this</a> points to something else.</p>

<p>Backslashing should suppress [this]</p>

<pre><code>and [this\]. TODO
</code></pre>

<hr />

<pre><code>Here&#39;s one where the [link
breaks] across lines.   TODO

Here&#39;s another where the [link 
breaks] across lines, but with a line-ending space.   TODO
</code></pre>