<h2>Nested</h2>

<ul>
<li>Tab
<ul>
<li>Tab
<ul>
<li>Tab</li>
</ul></li>
</ul></li>
</ul>

<p>Here's another:</p>

<ol>
<li>First</li>
<li>Second:
<ul>
<li>Fee</li>
<li>Fie</li>
<li>Foe</li>
</ul></li>
<li>Third</li>
</ol>