<h2>Ordered</h2>

<p>Tight:</p>

<ol>
<li>First</li>
<li>Second</li>
<li>Third</li>
</ol>

<p>and:</p>

<ol>
<li>One</li>
<li>Two</li>
<li>Three</li>
</ol>