<p>Loose using tabs:</p>

<ol>
<li><p>First</p></li>
<li><p>Second</p></li>
<li><p>Third</p></li>
</ol>

<p>and using spaces:</p>

<ol>
<li><p>One</p></li>
<li><p>Two</p></li>
<li><p>Three</p></li>
</ol>