<p>Pluses tight:</p>

<ul>
<li>Plus 1</li>
<li>Plus 2</li>
<li>Plus 3</li>
</ul>

<p>Pluses loose:</p>

<ul>
<li><p>Plus 1</p></li>
<li><p>Plus 2</p></li>
<li><p>Plus 3</p></li>
</ul>