<p>Minuses tight:</p>

<ul>
<li>Minus 1</li>
<li>Minus 2</li>
<li>Minus 3</li>
</ul>

<p>Minuses loose:</p>

<ul>
<li><p>Minus 1</p></li>
<li><p>Minus 2</p></li>
<li><p>Minus 3</p></li>
</ul>