<ul>
<li><p>a list containing a block of code with paragraph not surrounding code</p>

<pre><code>10 PRINT HELLO INFINITE
20 GOTO 10
</code></pre>

<p>second paragraph with paragraph not surrounding code</p>

<pre><code>10 PRINT HELLO INFINITE
20 GOTO 10
</code></pre></li>
</ul>