<p>This is an automatic email link <a href="&#102;&#111;&#x6f;&#108;&#x73;&#x70;&#x61;&#x6d;&#x40;&#101;&#x78;a&#x6d;&#112;&#108;&#x65;&#x2e;&#x6f;&#114;&#x67;">&#102;&#111;&#x6f;&#108;&#x73;&#x70;&#x61;&#x6d;&#x40;&#101;&#x78;a&#x6d;&#112;&#108;&#x65;&#x2e;&#x6f;&#114;&#x67;</a></p>